node : FAIL __tests__/api-db/crud-operations.test.ts
At line:1 char:1
+ node node_modules/jest/bin/jest.js --verbose --no-coverage > logs/tes ...
+ ~~~~~~~~~~~~~~~~~~~~~~~~~~~~~~~~~~~~~~~~~~~~~~~~~~~~~~~~~~~~~~~~~~~~~
    + CategoryInfo          : NotSpecified: (FAIL __tests__/...rations.test.ts:S 
   tring) [], RemoteException
    + FullyQualifiedErrorId : NativeCommandError
 
  ΓùÅ Test suite failed to run

    Cannot find module '@babel/preset-env'
    Require stack:
    - C:\Users\yasha\OneDrive\Documents\TrueVow\Cursor\TrueVow_CS_Support_Service
\node_modules\@babel\core\lib\config\files\plugins.js
    - C:\Users\yasha\OneDrive\Documents\TrueVow\Cursor\TrueVow_CS_Support_Service
\node_modules\@babel\core\lib\config\files\index.js
    - C:\Users\yasha\OneDrive\Documents\TrueVow\Cursor\TrueVow_CS_Support_Service
\node_modules\@babel\core\lib\index.js
    - C:\Users\yasha\OneDrive\Documents\TrueVow\Cursor\TrueVow_CS_Support_Service
\node_modules\jest-snapshot\build\InlineSnapshots.js

    Make sure that all the Babel plugins and presets you are using
    are defined as dependencies or devDependencies in your package.json
    file. It's possible that the missing plugin is loaded by a preset
    you are using that forgot to add the plugin to its dependencies: you
    can workaround this problem by explicitly adding the missing package
    to your top-level package.json.

      at tryRequireResolve 
(node_modules/@babel/core/src/config/files/plugins.ts:140:36)
      at tryRequireResolve 
(node_modules/@babel/core/src/config/files/plugins.ts:168:19)
      at resolveStandardizedNameForRequire 
(node_modules/@babel/core/src/config/files/plugins.ts:196:12)
      at resolvePreset 
(node_modules/@babel/core/src/config/files/plugins.ts:50:32)
          at loadPreset.next (<anonymous>)
      at resolver 
(node_modules/@babel/core/src/config/config-descriptors.ts:325:35)
          at createDescriptor.next (<anonymous>)
      at evaluateSync (node_modules/gensync/index.js:251:28)
      at node_modules/gensync/index.js:31:34
          at Array.map (<anonymous>)
      at Function.sync (node_modules/gensync/index.js:31:22)
      at Function.all (node_modules/gensync/index.js:210:24)
      at all (node_modules/@babel/core/src/config/config-descriptors.ts:266:38)
          at createDescriptors.next (<anonymous>)
      at createDescriptors 
(node_modules/@babel/core/src/config/config-descriptors.ts:240:17)
          at createPresetDescriptors.next (<anonymous>)
      at fn (node_modules/@babel/core/src/gensync-utils/functional.ts:18:46)
      at presets (node_modules/@babel/core/src/config/config-chain.ts:727:34)
          at mergeChainOpts.next (<anonymous>)
      at mergeChainOpts 
(node_modules/@babel/core/src/config/config-chain.ts:663:14)
          at chainWalker.next (<anonymous>)
      at loadFileChainWalker 
(node_modules/@babel/core/src/config/config-chain.ts:400:24)
          at loadFileChain.next (<anonymous>)
      at loadFileChain 
(node_modules/@babel/core/src/config/config-chain.ts:186:27)
          at buildRootChain.next (<anonymous>)
      at loadPrivatePartialConfig 
(node_modules/@babel/core/src/config/partial.ts:110:44)
          at loadPrivatePartialConfig.next (<anonymous>)
      at loadPrivatePartialConfig 
(node_modules/@babel/core/src/config/partial.ts:169:12)
          at loadPartialConfig.next (<anonymous>)
      at evaluateSync (node_modules/gensync/index.js:251:28)
      at sync (node_modules/gensync/index.js:89:14)
      at fn (node_modules/@babel/core/src/errors/rewrite-stack-trace.ts:99:14)
      at loadPartialConfigSync 
(node_modules/@babel/core/src/config/index.ts:53:60)
      at loadPartialConfigSync 
(node_modules/@babel/core/src/config/index.ts:72:14)
      at ScriptTransformer._getCacheKey 
(node_modules/@jest/transform/build/ScriptTransformer.js:228:41)
      at ScriptTransformer._getFileCachePath 
(node_modules/@jest/transform/build/ScriptTransformer.js:289:27)
      at ScriptTransformer.transformSource 
(node_modules/@jest/transform/build/ScriptTransformer.js:525:32)
      at ScriptTransformer._transformAndBuildScript 
(node_modules/@jest/transform/build/ScriptTransformer.js:674:40)
      at ScriptTransformer.transform 
(node_modules/@jest/transform/build/ScriptTransformer.js:726:19)

FAIL __tests__/security/xss-prevention.test.ts
  ΓùÅ Test suite failed to run

    Cannot find module '@babel/preset-env'
    Require stack:
    - C:\Users\yasha\OneDrive\Documents\TrueVow\Cursor\TrueVow_CS_Support_Service
\node_modules\@babel\core\lib\config\files\plugins.js
    - C:\Users\yasha\OneDrive\Documents\TrueVow\Cursor\TrueVow_CS_Support_Service
\node_modules\@babel\core\lib\config\files\index.js
    - C:\Users\yasha\OneDrive\Documents\TrueVow\Cursor\TrueVow_CS_Support_Service
\node_modules\@babel\core\lib\index.js
    - C:\Users\yasha\OneDrive\Documents\TrueVow\Cursor\TrueVow_CS_Support_Service
\node_modules\jest-snapshot\build\InlineSnapshots.js

    Make sure that all the Babel plugins and presets you are using
    are defined as dependencies or devDependencies in your package.json
    file. It's possible that the missing plugin is loaded by a preset
    you are using that forgot to add the plugin to its dependencies: you
    can workaround this problem by explicitly adding the missing package
    to your top-level package.json.

      at tryRequireResolve 
(node_modules/@babel/core/src/config/files/plugins.ts:140:36)
      at tryRequireResolve 
(node_modules/@babel/core/src/config/files/plugins.ts:168:19)
      at resolveStandardizedNameForRequire 
(node_modules/@babel/core/src/config/files/plugins.ts:196:12)
      at resolvePreset 
(node_modules/@babel/core/src/config/files/plugins.ts:50:32)
          at loadPreset.next (<anonymous>)
      at resolver 
(node_modules/@babel/core/src/config/config-descriptors.ts:325:35)
          at createDescriptor.next (<anonymous>)
      at evaluateSync (node_modules/gensync/index.js:251:28)
      at node_modules/gensync/index.js:31:34
          at Array.map (<anonymous>)
      at Function.sync (node_modules/gensync/index.js:31:22)
      at Function.all (node_modules/gensync/index.js:210:24)
      at all (node_modules/@babel/core/src/config/config-descriptors.ts:266:38)
          at createDescriptors.next (<anonymous>)
      at createDescriptors 
(node_modules/@babel/core/src/config/config-descriptors.ts:240:17)
          at createPresetDescriptors.next (<anonymous>)
      at fn (node_modules/@babel/core/src/gensync-utils/functional.ts:18:46)
      at presets (node_modules/@babel/core/src/config/config-chain.ts:727:34)
          at mergeChainOpts.next (<anonymous>)
      at mergeChainOpts 
(node_modules/@babel/core/src/config/config-chain.ts:663:14)
          at chainWalker.next (<anonymous>)
      at loadFileChainWalker 
(node_modules/@babel/core/src/config/config-chain.ts:400:24)
          at loadFileChain.next (<anonymous>)
      at loadFileChain 
(node_modules/@babel/core/src/config/config-chain.ts:186:27)
          at buildRootChain.next (<anonymous>)
      at loadPrivatePartialConfig 
(node_modules/@babel/core/src/config/partial.ts:110:44)
          at loadPrivatePartialConfig.next (<anonymous>)
      at loadPrivatePartialConfig 
(node_modules/@babel/core/src/config/partial.ts:169:12)
          at loadPartialConfig.next (<anonymous>)
      at evaluateSync (node_modules/gensync/index.js:251:28)
      at sync (node_modules/gensync/index.js:89:14)
      at fn (node_modules/@babel/core/src/errors/rewrite-stack-trace.ts:99:14)
      at loadPartialConfigSync 
(node_modules/@babel/core/src/config/index.ts:53:60)
      at loadPartialConfigSync 
(node_modules/@babel/core/src/config/index.ts:72:14)
      at ScriptTransformer._getCacheKey 
(node_modules/@jest/transform/build/ScriptTransformer.js:228:41)
      at ScriptTransformer._getFileCachePath 
(node_modules/@jest/transform/build/ScriptTransformer.js:289:27)
      at ScriptTransformer.transformSource 
(node_modules/@jest/transform/build/ScriptTransformer.js:525:32)
      at ScriptTransformer._transformAndBuildScript 
(node_modules/@jest/transform/build/ScriptTransformer.js:674:40)
      at ScriptTransformer.transform 
(node_modules/@jest/transform/build/ScriptTransformer.js:726:19)

FAIL __tests__/security/rate-limiting-validation.test.ts
  ΓùÅ Test suite failed to run

    Cannot find module '@babel/preset-env'
    Require stack:
    - C:\Users\yasha\OneDrive\Documents\TrueVow\Cursor\TrueVow_CS_Support_Service
\node_modules\@babel\core\lib\config\files\plugins.js
    - C:\Users\yasha\OneDrive\Documents\TrueVow\Cursor\TrueVow_CS_Support_Service
\node_modules\@babel\core\lib\config\files\index.js
    - C:\Users\yasha\OneDrive\Documents\TrueVow\Cursor\TrueVow_CS_Support_Service
\node_modules\@babel\core\lib\index.js
    - C:\Users\yasha\OneDrive\Documents\TrueVow\Cursor\TrueVow_CS_Support_Service
\node_modules\jest-snapshot\build\InlineSnapshots.js

    Make sure that all the Babel plugins and presets you are using
    are defined as dependencies or devDependencies in your package.json
    file. It's possible that the missing plugin is loaded by a preset
    you are using that forgot to add the plugin to its dependencies: you
    can workaround this problem by explicitly adding the missing package
    to your top-level package.json.

      at tryRequireResolve 
(node_modules/@babel/core/src/config/files/plugins.ts:140:36)
      at tryRequireResolve 
(node_modules/@babel/core/src/config/files/plugins.ts:168:19)
      at resolveStandardizedNameForRequire 
(node_modules/@babel/core/src/config/files/plugins.ts:196:12)
      at resolvePreset 
(node_modules/@babel/core/src/config/files/plugins.ts:50:32)
          at loadPreset.next (<anonymous>)
      at resolver 
(node_modules/@babel/core/src/config/config-descriptors.ts:325:35)
          at createDescriptor.next (<anonymous>)
      at evaluateSync (node_modules/gensync/index.js:251:28)
      at node_modules/gensync/index.js:31:34
          at Array.map (<anonymous>)
      at Function.sync (node_modules/gensync/index.js:31:22)
      at Function.all (node_modules/gensync/index.js:210:24)
      at all (node_modules/@babel/core/src/config/config-descriptors.ts:266:38)
          at createDescriptors.next (<anonymous>)
      at createDescriptors 
(node_modules/@babel/core/src/config/config-descriptors.ts:240:17)
          at createPresetDescriptors.next (<anonymous>)
      at fn (node_modules/@babel/core/src/gensync-utils/functional.ts:18:46)
      at presets (node_modules/@babel/core/src/config/config-chain.ts:727:34)
          at mergeChainOpts.next (<anonymous>)
      at mergeChainOpts 
(node_modules/@babel/core/src/config/config-chain.ts:663:14)
          at chainWalker.next (<anonymous>)
      at loadFileChainWalker 
(node_modules/@babel/core/src/config/config-chain.ts:400:24)
          at loadFileChain.next (<anonymous>)
      at loadFileChain 
(node_modules/@babel/core/src/config/config-chain.ts:186:27)
          at buildRootChain.next (<anonymous>)
      at loadPrivatePartialConfig 
(node_modules/@babel/core/src/config/partial.ts:110:44)
          at loadPrivatePartialConfig.next (<anonymous>)
      at loadPrivatePartialConfig 
(node_modules/@babel/core/src/config/partial.ts:169:12)
          at loadPartialConfig.next (<anonymous>)
      at evaluateSync (node_modules/gensync/index.js:251:28)
      at sync (node_modules/gensync/index.js:89:14)
      at fn (node_modules/@babel/core/src/errors/rewrite-stack-trace.ts:99:14)
      at loadPartialConfigSync 
(node_modules/@babel/core/src/config/index.ts:53:60)
      at loadPartialConfigSync 
(node_modules/@babel/core/src/config/index.ts:72:14)
      at ScriptTransformer._getCacheKey 
(node_modules/@jest/transform/build/ScriptTransformer.js:228:41)
      at ScriptTransformer._getFileCachePath 
(node_modules/@jest/transform/build/ScriptTransformer.js:289:27)
      at ScriptTransformer.transformSource 
(node_modules/@jest/transform/build/ScriptTransformer.js:525:32)
      at ScriptTransformer._transformAndBuildScript 
(node_modules/@jest/transform/build/ScriptTransformer.js:674:40)
      at ScriptTransformer.transform 
(node_modules/@jest/transform/build/ScriptTransformer.js:726:19)

FAIL __tests__/security/sql-injection.test.ts
  ΓùÅ Test suite failed to run

    Cannot find module '@babel/preset-env'
    Require stack:
    - C:\Users\yasha\OneDrive\Documents\TrueVow\Cursor\TrueVow_CS_Support_Service
\node_modules\@babel\core\lib\config\files\plugins.js
    - C:\Users\yasha\OneDrive\Documents\TrueVow\Cursor\TrueVow_CS_Support_Service
\node_modules\@babel\core\lib\config\files\index.js
    - C:\Users\yasha\OneDrive\Documents\TrueVow\Cursor\TrueVow_CS_Support_Service
\node_modules\@babel\core\lib\index.js
    - C:\Users\yasha\OneDrive\Documents\TrueVow\Cursor\TrueVow_CS_Support_Service
\node_modules\jest-snapshot\build\InlineSnapshots.js

    Make sure that all the Babel plugins and presets you are using
    are defined as dependencies or devDependencies in your package.json
    file. It's possible that the missing plugin is loaded by a preset
    you are using that forgot to add the plugin to its dependencies: you
    can workaround this problem by explicitly adding the missing package
    to your top-level package.json.

      at tryRequireResolve 
(node_modules/@babel/core/src/config/files/plugins.ts:140:36)
      at tryRequireResolve 
(node_modules/@babel/core/src/config/files/plugins.ts:168:19)
      at resolveStandardizedNameForRequire 
(node_modules/@babel/core/src/config/files/plugins.ts:196:12)
      at resolvePreset 
(node_modules/@babel/core/src/config/files/plugins.ts:50:32)
          at loadPreset.next (<anonymous>)
      at resolver 
(node_modules/@babel/core/src/config/config-descriptors.ts:325:35)
          at createDescriptor.next (<anonymous>)
      at evaluateSync (node_modules/gensync/index.js:251:28)
      at node_modules/gensync/index.js:31:34
          at Array.map (<anonymous>)
      at Function.sync (node_modules/gensync/index.js:31:22)
      at Function.all (node_modules/gensync/index.js:210:24)
      at all (node_modules/@babel/core/src/config/config-descriptors.ts:266:38)
          at createDescriptors.next (<anonymous>)
      at createDescriptors 
(node_modules/@babel/core/src/config/config-descriptors.ts:240:17)
          at createPresetDescriptors.next (<anonymous>)
      at fn (node_modules/@babel/core/src/gensync-utils/functional.ts:18:46)
      at presets (node_modules/@babel/core/src/config/config-chain.ts:727:34)
          at mergeChainOpts.next (<anonymous>)
      at mergeChainOpts 
(node_modules/@babel/core/src/config/config-chain.ts:663:14)
          at chainWalker.next (<anonymous>)
      at loadFileChainWalker 
(node_modules/@babel/core/src/config/config-chain.ts:400:24)
          at loadFileChain.next (<anonymous>)
      at loadFileChain 
(node_modules/@babel/core/src/config/config-chain.ts:186:27)
          at buildRootChain.next (<anonymous>)
      at loadPrivatePartialConfig 
(node_modules/@babel/core/src/config/partial.ts:110:44)
          at loadPrivatePartialConfig.next (<anonymous>)
      at loadPrivatePartialConfig 
(node_modules/@babel/core/src/config/partial.ts:169:12)
          at loadPartialConfig.next (<anonymous>)
      at evaluateSync (node_modules/gensync/index.js:251:28)
      at sync (node_modules/gensync/index.js:89:14)
      at fn (node_modules/@babel/core/src/errors/rewrite-stack-trace.ts:99:14)
      at loadPartialConfigSync 
(node_modules/@babel/core/src/config/index.ts:53:60)
      at loadPartialConfigSync 
(node_modules/@babel/core/src/config/index.ts:72:14)
      at ScriptTransformer._getCacheKey 
(node_modules/@jest/transform/build/ScriptTransformer.js:228:41)
      at ScriptTransformer._getFileCachePath 
(node_modules/@jest/transform/build/ScriptTransformer.js:289:27)
      at ScriptTransformer.transformSource 
(node_modules/@jest/transform/build/ScriptTransformer.js:525:32)
      at ScriptTransformer._transformAndBuildScript 
(node_modules/@jest/transform/build/ScriptTransformer.js:674:40)
      at ScriptTransformer.transform 
(node_modules/@jest/transform/build/ScriptTransformer.js:726:19)

FAIL __tests__/examples/service-example.test.ts
  ΓùÅ Test suite failed to run

    Cannot find module '@babel/preset-env'
    Require stack:
    - C:\Users\yasha\OneDrive\Documents\TrueVow\Cursor\TrueVow_CS_Support_Service
\node_modules\@babel\core\lib\config\files\plugins.js
    - C:\Users\yasha\OneDrive\Documents\TrueVow\Cursor\TrueVow_CS_Support_Service
\node_modules\@babel\core\lib\config\files\index.js
    - C:\Users\yasha\OneDrive\Documents\TrueVow\Cursor\TrueVow_CS_Support_Service
\node_modules\@babel\core\lib\index.js
    - C:\Users\yasha\OneDrive\Documents\TrueVow\Cursor\TrueVow_CS_Support_Service
\node_modules\jest-snapshot\build\InlineSnapshots.js

    Make sure that all the Babel plugins and presets you are using
    are defined as dependencies or devDependencies in your package.json
    file. It's possible that the missing plugin is loaded by a preset
    you are using that forgot to add the plugin to its dependencies: you
    can workaround this problem by explicitly adding the missing package
    to your top-level package.json.

      at tryRequireResolve 
(node_modules/@babel/core/src/config/files/plugins.ts:140:36)
      at tryRequireResolve 
(node_modules/@babel/core/src/config/files/plugins.ts:168:19)
      at resolveStandardizedNameForRequire 
(node_modules/@babel/core/src/config/files/plugins.ts:196:12)
      at resolvePreset 
(node_modules/@babel/core/src/config/files/plugins.ts:50:32)
          at loadPreset.next (<anonymous>)
      at resolver 
(node_modules/@babel/core/src/config/config-descriptors.ts:325:35)
          at createDescriptor.next (<anonymous>)
      at evaluateSync (node_modules/gensync/index.js:251:28)
      at node_modules/gensync/index.js:31:34
          at Array.map (<anonymous>)
      at Function.sync (node_modules/gensync/index.js:31:22)
      at Function.all (node_modules/gensync/index.js:210:24)
      at all (node_modules/@babel/core/src/config/config-descriptors.ts:266:38)
          at createDescriptors.next (<anonymous>)
      at createDescriptors 
(node_modules/@babel/core/src/config/config-descriptors.ts:240:17)
          at createPresetDescriptors.next (<anonymous>)
      at fn (node_modules/@babel/core/src/gensync-utils/functional.ts:18:46)
      at presets (node_modules/@babel/core/src/config/config-chain.ts:727:34)
          at mergeChainOpts.next (<anonymous>)
      at mergeChainOpts 
(node_modules/@babel/core/src/config/config-chain.ts:663:14)
          at chainWalker.next (<anonymous>)
      at loadFileChainWalker 
(node_modules/@babel/core/src/config/config-chain.ts:400:24)
          at loadFileChain.next (<anonymous>)
      at loadFileChain 
(node_modules/@babel/core/src/config/config-chain.ts:186:27)
          at buildRootChain.next (<anonymous>)
      at loadPrivatePartialConfig 
(node_modules/@babel/core/src/config/partial.ts:110:44)
          at loadPrivatePartialConfig.next (<anonymous>)
      at loadPrivatePartialConfig 
(node_modules/@babel/core/src/config/partial.ts:169:12)
          at loadPartialConfig.next (<anonymous>)
      at evaluateSync (node_modules/gensync/index.js:251:28)
      at sync (node_modules/gensync/index.js:89:14)
      at fn (node_modules/@babel/core/src/errors/rewrite-stack-trace.ts:99:14)
      at loadPartialConfigSync 
(node_modules/@babel/core/src/config/index.ts:53:60)
      at loadPartialConfigSync 
(node_modules/@babel/core/src/config/index.ts:72:14)
      at ScriptTransformer._getCacheKey 
(node_modules/@jest/transform/build/ScriptTransformer.js:228:41)
      at ScriptTransformer._getFileCachePath 
(node_modules/@jest/transform/build/ScriptTransformer.js:289:27)
      at ScriptTransformer.transformSource 
(node_modules/@jest/transform/build/ScriptTransformer.js:525:32)
      at ScriptTransformer._transformAndBuildScript 
(node_modules/@jest/transform/build/ScriptTransformer.js:674:40)
      at ScriptTransformer.transform 
(node_modules/@jest/transform/build/ScriptTransformer.js:726:19)

FAIL __tests__/security/auth-bypass.test.ts
  ΓùÅ Test suite failed to run

    Cannot find module '@babel/preset-env'
    Require stack:
    - C:\Users\yasha\OneDrive\Documents\TrueVow\Cursor\TrueVow_CS_Support_Service
\node_modules\@babel\core\lib\config\files\plugins.js
    - C:\Users\yasha\OneDrive\Documents\TrueVow\Cursor\TrueVow_CS_Support_Service
\node_modules\@babel\core\lib\config\files\index.js
    - C:\Users\yasha\OneDrive\Documents\TrueVow\Cursor\TrueVow_CS_Support_Service
\node_modules\@babel\core\lib\index.js
    - C:\Users\yasha\OneDrive\Documents\TrueVow\Cursor\TrueVow_CS_Support_Service
\node_modules\jest-snapshot\build\InlineSnapshots.js

    Make sure that all the Babel plugins and presets you are using
    are defined as dependencies or devDependencies in your package.json
    file. It's possible that the missing plugin is loaded by a preset
    you are using that forgot to add the plugin to its dependencies: you
    can workaround this problem by explicitly adding the missing package
    to your top-level package.json.

      at tryRequireResolve 
(node_modules/@babel/core/src/config/files/plugins.ts:140:36)
      at tryRequireResolve 
(node_modules/@babel/core/src/config/files/plugins.ts:168:19)
      at resolveStandardizedNameForRequire 
(node_modules/@babel/core/src/config/files/plugins.ts:196:12)
      at resolvePreset 
(node_modules/@babel/core/src/config/files/plugins.ts:50:32)
          at loadPreset.next (<anonymous>)
      at resolver 
(node_modules/@babel/core/src/config/config-descriptors.ts:325:35)
          at createDescriptor.next (<anonymous>)
      at evaluateSync (node_modules/gensync/index.js:251:28)
      at node_modules/gensync/index.js:31:34
          at Array.map (<anonymous>)
      at Function.sync (node_modules/gensync/index.js:31:22)
      at Function.all (node_modules/gensync/index.js:210:24)
      at all (node_modules/@babel/core/src/config/config-descriptors.ts:266:38)
          at createDescriptors.next (<anonymous>)
      at createDescriptors 
(node_modules/@babel/core/src/config/config-descriptors.ts:240:17)
          at createPresetDescriptors.next (<anonymous>)
      at fn (node_modules/@babel/core/src/gensync-utils/functional.ts:18:46)
      at presets (node_modules/@babel/core/src/config/config-chain.ts:727:34)
          at mergeChainOpts.next (<anonymous>)
      at mergeChainOpts 
(node_modules/@babel/core/src/config/config-chain.ts:663:14)
          at chainWalker.next (<anonymous>)
      at loadFileChainWalker 
(node_modules/@babel/core/src/config/config-chain.ts:400:24)
          at loadFileChain.next (<anonymous>)
      at loadFileChain 
(node_modules/@babel/core/src/config/config-chain.ts:186:27)
          at buildRootChain.next (<anonymous>)
      at loadPrivatePartialConfig 
(node_modules/@babel/core/src/config/partial.ts:110:44)
          at loadPrivatePartialConfig.next (<anonymous>)
      at loadPrivatePartialConfig 
(node_modules/@babel/core/src/config/partial.ts:169:12)
          at loadPartialConfig.next (<anonymous>)
      at evaluateSync (node_modules/gensync/index.js:251:28)
      at sync (node_modules/gensync/index.js:89:14)
      at fn (node_modules/@babel/core/src/errors/rewrite-stack-trace.ts:99:14)
      at loadPartialConfigSync 
(node_modules/@babel/core/src/config/index.ts:53:60)
      at loadPartialConfigSync 
(node_modules/@babel/core/src/config/index.ts:72:14)
      at ScriptTransformer._getCacheKey 
(node_modules/@jest/transform/build/ScriptTransformer.js:228:41)
      at ScriptTransformer._getFileCachePath 
(node_modules/@jest/transform/build/ScriptTransformer.js:289:27)
      at ScriptTransformer.transformSource 
(node_modules/@jest/transform/build/ScriptTransformer.js:525:32)
      at ScriptTransformer._transformAndBuildScript 
(node_modules/@jest/transform/build/ScriptTransformer.js:674:40)
      at ScriptTransformer.transform 
(node_modules/@jest/transform/build/ScriptTransformer.js:726:19)

FAIL __tests__/utils/test-helpers.ts
  ΓùÅ Test suite failed to run

    Cannot find module '@babel/preset-env'
    Require stack:
    - C:\Users\yasha\OneDrive\Documents\TrueVow\Cursor\TrueVow_CS_Support_Service
\node_modules\@babel\core\lib\config\files\plugins.js
    - C:\Users\yasha\OneDrive\Documents\TrueVow\Cursor\TrueVow_CS_Support_Service
\node_modules\@babel\core\lib\config\files\index.js
    - C:\Users\yasha\OneDrive\Documents\TrueVow\Cursor\TrueVow_CS_Support_Service
\node_modules\@babel\core\lib\index.js
    - C:\Users\yasha\OneDrive\Documents\TrueVow\Cursor\TrueVow_CS_Support_Service
\node_modules\jest-snapshot\build\InlineSnapshots.js

    Make sure that all the Babel plugins and presets you are using
    are defined as dependencies or devDependencies in your package.json
    file. It's possible that the missing plugin is loaded by a preset
    you are using that forgot to add the plugin to its dependencies: you
    can workaround this problem by explicitly adding the missing package
    to your top-level package.json.

      at tryRequireResolve 
(node_modules/@babel/core/src/config/files/plugins.ts:140:36)
      at tryRequireResolve 
(node_modules/@babel/core/src/config/files/plugins.ts:168:19)
      at resolveStandardizedNameForRequire 
(node_modules/@babel/core/src/config/files/plugins.ts:196:12)
      at resolvePreset 
(node_modules/@babel/core/src/config/files/plugins.ts:50:32)
          at loadPreset.next (<anonymous>)
      at resolver 
(node_modules/@babel/core/src/config/config-descriptors.ts:325:35)
          at createDescriptor.next (<anonymous>)
      at evaluateSync (node_modules/gensync/index.js:251:28)
      at node_modules/gensync/index.js:31:34
          at Array.map (<anonymous>)
      at Function.sync (node_modules/gensync/index.js:31:22)
      at Function.all (node_modules/gensync/index.js:210:24)
      at all (node_modules/@babel/core/src/config/config-descriptors.ts:266:38)
          at createDescriptors.next (<anonymous>)
      at createDescriptors 
(node_modules/@babel/core/src/config/config-descriptors.ts:240:17)
          at createPresetDescriptors.next (<anonymous>)
      at fn (node_modules/@babel/core/src/gensync-utils/functional.ts:18:46)
      at presets (node_modules/@babel/core/src/config/config-chain.ts:727:34)
          at mergeChainOpts.next (<anonymous>)
      at mergeChainOpts 
(node_modules/@babel/core/src/config/config-chain.ts:663:14)
          at chainWalker.next (<anonymous>)
      at loadFileChainWalker 
(node_modules/@babel/core/src/config/config-chain.ts:400:24)
          at loadFileChain.next (<anonymous>)
      at loadFileChain 
(node_modules/@babel/core/src/config/config-chain.ts:186:27)
          at buildRootChain.next (<anonymous>)
      at loadPrivatePartialConfig 
(node_modules/@babel/core/src/config/partial.ts:110:44)
          at loadPrivatePartialConfig.next (<anonymous>)
      at loadPrivatePartialConfig 
(node_modules/@babel/core/src/config/partial.ts:169:12)
          at loadPartialConfig.next (<anonymous>)
      at evaluateSync (node_modules/gensync/index.js:251:28)
      at sync (node_modules/gensync/index.js:89:14)
      at fn (node_modules/@babel/core/src/errors/rewrite-stack-trace.ts:99:14)
      at loadPartialConfigSync 
(node_modules/@babel/core/src/config/index.ts:53:60)
      at loadPartialConfigSync 
(node_modules/@babel/core/src/config/index.ts:72:14)
      at ScriptTransformer._getCacheKey 
(node_modules/@jest/transform/build/ScriptTransformer.js:228:41)
      at ScriptTransformer._getFileCachePath 
(node_modules/@jest/transform/build/ScriptTransformer.js:289:27)
      at ScriptTransformer.transformSource 
(node_modules/@jest/transform/build/ScriptTransformer.js:525:32)
      at ScriptTransformer._transformAndBuildScript 
(node_modules/@jest/transform/build/ScriptTransformer.js:674:40)
      at ScriptTransformer.transform 
(node_modules/@jest/transform/build/ScriptTransformer.js:726:19)

FAIL __tests__/integration/edge-cases.test.ts
  ΓùÅ Test suite failed to run

    Cannot find module '@babel/preset-env'
    Require stack:
    - C:\Users\yasha\OneDrive\Documents\TrueVow\Cursor\TrueVow_CS_Support_Service
\node_modules\@babel\core\lib\config\files\plugins.js
    - C:\Users\yasha\OneDrive\Documents\TrueVow\Cursor\TrueVow_CS_Support_Service
\node_modules\@babel\core\lib\config\files\index.js
    - C:\Users\yasha\OneDrive\Documents\TrueVow\Cursor\TrueVow_CS_Support_Service
\node_modules\@babel\core\lib\index.js
    - C:\Users\yasha\OneDrive\Documents\TrueVow\Cursor\TrueVow_CS_Support_Service
\node_modules\jest-snapshot\build\InlineSnapshots.js

    Make sure that all the Babel plugins and presets you are using
    are defined as dependencies or devDependencies in your package.json
    file. It's possible that the missing plugin is loaded by a preset
    you are using that forgot to add the plugin to its dependencies: you
    can workaround this problem by explicitly adding the missing package
    to your top-level package.json.

      at tryRequireResolve 
(node_modules/@babel/core/src/config/files/plugins.ts:140:36)
      at tryRequireResolve 
(node_modules/@babel/core/src/config/files/plugins.ts:168:19)
      at resolveStandardizedNameForRequire 
(node_modules/@babel/core/src/config/files/plugins.ts:196:12)
      at resolvePreset 
(node_modules/@babel/core/src/config/files/plugins.ts:50:32)
          at loadPreset.next (<anonymous>)
      at resolver 
(node_modules/@babel/core/src/config/config-descriptors.ts:325:35)
          at createDescriptor.next (<anonymous>)
      at evaluateSync (node_modules/gensync/index.js:251:28)
      at node_modules/gensync/index.js:31:34
          at Array.map (<anonymous>)
      at Function.sync (node_modules/gensync/index.js:31:22)
      at Function.all (node_modules/gensync/index.js:210:24)
      at all (node_modules/@babel/core/src/config/config-descriptors.ts:266:38)
          at createDescriptors.next (<anonymous>)
      at createDescriptors 
(node_modules/@babel/core/src/config/config-descriptors.ts:240:17)
          at createPresetDescriptors.next (<anonymous>)
      at fn (node_modules/@babel/core/src/gensync-utils/functional.ts:18:46)
      at presets (node_modules/@babel/core/src/config/config-chain.ts:727:34)
          at mergeChainOpts.next (<anonymous>)
      at mergeChainOpts 
(node_modules/@babel/core/src/config/config-chain.ts:663:14)
          at chainWalker.next (<anonymous>)
      at loadFileChainWalker 
(node_modules/@babel/core/src/config/config-chain.ts:400:24)
          at loadFileChain.next (<anonymous>)
      at loadFileChain 
(node_modules/@babel/core/src/config/config-chain.ts:186:27)
          at buildRootChain.next (<anonymous>)
      at loadPrivatePartialConfig 
(node_modules/@babel/core/src/config/partial.ts:110:44)
          at loadPrivatePartialConfig.next (<anonymous>)
      at loadPrivatePartialConfig 
(node_modules/@babel/core/src/config/partial.ts:169:12)
          at loadPartialConfig.next (<anonymous>)
      at evaluateSync (node_modules/gensync/index.js:251:28)
      at sync (node_modules/gensync/index.js:89:14)
      at fn (node_modules/@babel/core/src/errors/rewrite-stack-trace.ts:99:14)
      at loadPartialConfigSync 
(node_modules/@babel/core/src/config/index.ts:53:60)
      at loadPartialConfigSync 
(node_modules/@babel/core/src/config/index.ts:72:14)
      at ScriptTransformer._getCacheKey 
(node_modules/@jest/transform/build/ScriptTransformer.js:228:41)
      at ScriptTransformer._getFileCachePath 
(node_modules/@jest/transform/build/ScriptTransformer.js:289:27)
      at ScriptTransformer.transformSource 
(node_modules/@jest/transform/build/ScriptTransformer.js:525:32)
      at ScriptTransformer._transformAndBuildScript 
(node_modules/@jest/transform/build/ScriptTransformer.js:674:40)
      at ScriptTransformer.transform 
(node_modules/@jest/transform/build/ScriptTransformer.js:726:19)

FAIL __tests__/e2e/user-journeys.test.ts
  ΓùÅ Test suite failed to run

    Cannot find module '@babel/preset-env'
    Require stack:
    - C:\Users\yasha\OneDrive\Documents\TrueVow\Cursor\TrueVow_CS_Support_Service
\node_modules\@babel\core\lib\config\files\plugins.js
    - C:\Users\yasha\OneDrive\Documents\TrueVow\Cursor\TrueVow_CS_Support_Service
\node_modules\@babel\core\lib\config\files\index.js
    - C:\Users\yasha\OneDrive\Documents\TrueVow\Cursor\TrueVow_CS_Support_Service
\node_modules\@babel\core\lib\index.js
    - C:\Users\yasha\OneDrive\Documents\TrueVow\Cursor\TrueVow_CS_Support_Service
\node_modules\jest-snapshot\build\InlineSnapshots.js

    Make sure that all the Babel plugins and presets you are using
    are defined as dependencies or devDependencies in your package.json
    file. It's possible that the missing plugin is loaded by a preset
    you are using that forgot to add the plugin to its dependencies: you
    can workaround this problem by explicitly adding the missing package
    to your top-level package.json.

      at tryRequireResolve 
(node_modules/@babel/core/src/config/files/plugins.ts:140:36)
      at tryRequireResolve 
(node_modules/@babel/core/src/config/files/plugins.ts:168:19)
      at resolveStandardizedNameForRequire 
(node_modules/@babel/core/src/config/files/plugins.ts:196:12)
      at resolvePreset 
(node_modules/@babel/core/src/config/files/plugins.ts:50:32)
          at loadPreset.next (<anonymous>)
      at resolver 
(node_modules/@babel/core/src/config/config-descriptors.ts:325:35)
          at createDescriptor.next (<anonymous>)
      at evaluateSync (node_modules/gensync/index.js:251:28)
      at node_modules/gensync/index.js:31:34
          at Array.map (<anonymous>)
      at Function.sync (node_modules/gensync/index.js:31:22)
      at Function.all (node_modules/gensync/index.js:210:24)
      at all (node_modules/@babel/core/src/config/config-descriptors.ts:266:38)
          at createDescriptors.next (<anonymous>)
      at createDescriptors 
(node_modules/@babel/core/src/config/config-descriptors.ts:240:17)
          at createPresetDescriptors.next (<anonymous>)
      at fn (node_modules/@babel/core/src/gensync-utils/functional.ts:18:46)
      at presets (node_modules/@babel/core/src/config/config-chain.ts:727:34)
          at mergeChainOpts.next (<anonymous>)
      at mergeChainOpts 
(node_modules/@babel/core/src/config/config-chain.ts:663:14)
          at chainWalker.next (<anonymous>)
      at loadFileChainWalker 
(node_modules/@babel/core/src/config/config-chain.ts:400:24)
          at loadFileChain.next (<anonymous>)
      at loadFileChain 
(node_modules/@babel/core/src/config/config-chain.ts:186:27)
          at buildRootChain.next (<anonymous>)
      at loadPrivatePartialConfig 
(node_modules/@babel/core/src/config/partial.ts:110:44)
          at loadPrivatePartialConfig.next (<anonymous>)
      at loadPrivatePartialConfig 
(node_modules/@babel/core/src/config/partial.ts:169:12)
          at loadPartialConfig.next (<anonymous>)
      at evaluateSync (node_modules/gensync/index.js:251:28)
      at sync (node_modules/gensync/index.js:89:14)
      at fn (node_modules/@babel/core/src/errors/rewrite-stack-trace.ts:99:14)
      at loadPartialConfigSync 
(node_modules/@babel/core/src/config/index.ts:53:60)
      at loadPartialConfigSync 
(node_modules/@babel/core/src/config/index.ts:72:14)
      at ScriptTransformer._getCacheKey 
(node_modules/@jest/transform/build/ScriptTransformer.js:228:41)
      at ScriptTransformer._getFileCachePath 
(node_modules/@jest/transform/build/ScriptTransformer.js:289:27)
      at ScriptTransformer.transformSource 
(node_modules/@jest/transform/build/ScriptTransformer.js:525:32)
      at ScriptTransformer._transformAndBuildScript 
(node_modules/@jest/transform/build/ScriptTransformer.js:674:40)
      at ScriptTransformer.transform 
(node_modules/@jest/transform/build/ScriptTransformer.js:726:19)

Test Suites: 9 failed, 9 total
Tests:       0 total
Snapshots:   0 total
Time:        10.398 s
Ran all test suites.
